== 9MQH  res=3.9  title='Inactive Mu-Opioid Receptor with Nb6M, NabFab, and isoquinuclidine compound #33'
   DBREF A P35372 12 411 1 400 1 400
   SEQADV A LEU 266 MET 266 conflict
   SEQADV A ARG 271 LYS 271 conflict
   entity   1 Polymer     subchains=['A']
   receptor auth chain A: OK  span 72-354  chain_expected=True
   gaps (receptor): [225, 226]
   hetero in receptor chain: none
== 9MQJ  res=3.23  title='Locally-refined Inactive Mu-Opioid Receptor with Nb6M, NabFab, and isoquinuclidine compound #020_E1'
   DBREF A P35372 12 411 1 400 1 400
   SEQADV A LEU 266 MET 266 conflict
   SEQADV A ARG 271 LYS 271 conflict
   entity   1 Polymer     subchains=['A']
   entity   2 NonPolymer  subchains=['B']
   receptor auth chain A: OK  span 67-354  chain_expected=True
   gaps (receptor): [225, 226]
   hetero in receptor chain: ['A1BNM']
== 9MQI  res=3.3  title='Inactive Mu-Opioid Receptor with Nb6M, NabFab, and isoquinuclidine compound #020_E1'
   DBREF A P35372 12 411 1 400 1 400
   DBREF C 9MQI 1 131 3 133 3 133
   DBREF H 9MQI 1 239 -2 221 -2 221
   DBREF L 9MQI 1 215 0 214 0 214
   SEQADV A LEU 266 MET 266 conflict
   SEQADV A ARG 271 LYS 271 conflict
   entity   1 Polymer     subchains=['A']
   entity   2 Polymer     subchains=['B']
   entity   3 Polymer     subchains=['C']
   entity   4 Polymer     subchains=['D']
   entity   5 NonPolymer  subchains=['E']
   receptor auth chain A: OK  span 67-354  chain_expected=True
   gaps (receptor): [225, 226]
   hetero in receptor chain: none
   partner auth chain C: 117 polymer residues, hetero none
   partner auth chain H: 183 polymer residues, hetero none
   partner auth chain L: 199 polymer residues, hetero none
   partner auth chain A: 0 polymer residues, hetero ['A1BNM']
== 9PXU  res=3.4  title='Inactive-state naloxone-mu opioid receptor nanobody6 complex'
   DBREF R P0ABE7 62 162 23 123 -108 -8
   DBREF R P35372 172 570 2 400 2 400
   DBREF C 9PXU 1 131 3 133 3 133
   DBREF K 9PXU 1 126 -2 123 -2 123
   DBREF L 9PXU 1 215 0 214 0 214
   DBREF H 9PXU 1 239 -2 236 -2 236
   SEQADV R TRP -102 MET 29 conflict
   SEQADV R LEU 266 MET 266 conflict
   SEQADV R ARG 271 LYS 271 conflict
   entity   1 Polymer     subchains=['A']
   entity   2 Polymer     subchains=['B']
   entity   3 Polymer     subchains=['C']
   entity   4 Polymer     subchains=['D']
   entity   5 Polymer     subchains=['E']
   entity   6 NonPolymer  subchains=['F']
   entity   7 NonPolymer  subchains=['G']
   receptor auth chain R: OK  span 68-354  chain_expected=True
   gaps (receptor): none
   hetero in receptor chain: none
   partner auth chain C: 120 polymer residues, hetero none
   partner auth chain K: 120 polymer residues, hetero none
   partner auth chain L: 208 polymer residues, hetero none
   partner auth chain H: 223 polymer residues, hetero none
   partner auth chain R: 0 polymer residues, hetero ['A1APV', 'NA']
== 10TM  res=3.0  title='Cryo-EM structure of MOR bound with DAMGO'
   DBREF R P35372 1 388 1 388 1 388
   DBREF S 10TM 1 5 1 5 1 5
   DBREF F P35372 1 388 1 388 1 388
   DBREF H 10TM 1 5 1 5 1 5
   SEQADV R TRP 158 PHE 158 'engineered mutation'
   SEQADV F TRP 158 PHE 158 'engineered mutation'
   entity   1 Polymer     subchains=['A', 'C']
   entity   2 Polymer     subchains=['B', 'D']
   entity   3 NonPolymer  subchains=['E', 'F', 'G', 'H']
   receptor auth chain R: OK  span 66-347  chain_expected=True
   gaps (receptor): none
   hetero in receptor chain: none
   partner auth chain S: 2 polymer residues, hetero ['DAL', 'ETA', 'MEA']
   receptor auth chain F: OK  span 66-347  chain_expected=True
   gaps (receptor): none
   hetero in receptor chain: none
   partner auth chain H: 2 polymer residues, hetero ['DAL', 'ETA', 'MEA']
   partner auth chain R: 0 polymer residues, hetero ['CLR']
   partner auth chain F: 0 polymer residues, hetero ['CLR']
== 9PPQ  res=3.34  title=;Locally-refined Mu-Opioid Receptor bound with novel compound 0505 (3-[({[(1P)-1-(3-chlorophenyl)-1H-pyrazol-3-yl]methyl}amino)methyl]phenol)
;
   DBREF R P35372 9 334 75 400 75 400
   entity   1 Polymer     subchains=['A']
   entity   2 NonPolymer  subchains=['B']
   receptor auth chain R: OK  span 67-352  chain_expected=True
   gaps (receptor): none
   hetero in receptor chain: ['A1CIX']
== 8F7Q  res=3.22  title='Gi bound mu-opioid receptor in complex with beta-endorphin'
   DBREF R P35372 9 395 2 388 2 388
   DBREF P P01189 1 31 237 267 1 31
   DBREF A P63096 1 354 1 354 1 354
   DBREF B P54311 15 353 2 340 2 340
   DBREF C P63212 1 68 1 68 1 68
   DBREF E 8F7Q 1 248 1 248 1 248
   DBREF M P35372 9 395 2 388 2 388
   DBREF Q P01189 1 31 237 267 1 31
   DBREF F P63096 1 354 1 354 1 354
   SEQADV R TRP 158 PHE 158 conflict
   SEQADV A ALA 203 GLY 203 conflict
   SEQADV A SER 326 ALA 326 conflict
   SEQADV M TRP 158 PHE 158 conflict
   SEQADV F ALA 203 GLY 203 conflict
   SEQADV F SER 326 ALA 326 conflict
   entity   1 Polymer     subchains=['A', 'G']
   entity   2 Polymer     subchains=['B', 'H']
   entity   3 Polymer     subchains=['C', 'I']
   entity   4 Polymer     subchains=['D']
   entity   5 Polymer     subchains=['E']
   entity   6 Polymer     subchains=['F']
   entity   7 NonPolymer  subchains=['J', 'K', 'L', 'M', 'N', 'O', 'P', 'Q', 'R', 'S']
   receptor auth chain R: OK  span 66-352  chain_expected=True
   gaps (receptor): none
   hetero in receptor chain: none
   partner auth chain P: 21 polymer residues, hetero none
   partner auth chain A: 225 polymer residues, hetero none
   partner auth chain B: 335 polymer residues, hetero none
   partner auth chain C: 56 polymer residues, hetero none
   partner auth chain E: 233 polymer residues, hetero none
   receptor auth chain M: OK  span 66-352  chain_expected=True
   gaps (receptor): none
   hetero in receptor chain: none
   partner auth chain Q: 21 polymer residues, hetero none
   partner auth chain F: 19 polymer residues, hetero none
   partner auth chain R: 0 polymer residues, hetero ['CLR']
   partner auth chain M: 0 polymer residues, hetero ['CLR']
== 8Y72  res=2.65  title='positive allosteric modulator(BMS986122)-bound mu-opioid receptor-Gi complex'
   DBREF A P63096 1 354 1 354 1 354
   DBREF B P54311 15 353 2 340 2 340
   DBREF C P63212 1 68 1 68 1 68
   DBREF E 8Y72 1 248 1 248 1 248
   DBREF R P35372 9 395 2 388 2 388
   DBREF D 8Y72 1 5 1 5 1 5
   SEQADV A ALA 203 GLY 203 'engineered mutation'
   SEQADV A SER 326 ALA 326 'engineered mutation'
   entity   1 Polymer     subchains=['A']
   entity   2 Polymer     subchains=['B']
   entity   3 Polymer     subchains=['C']
   entity   4 Polymer     subchains=['D']
   entity   5 Polymer     subchains=['E']
   entity   6 Polymer     subchains=['F']
   entity   7 NonPolymer  subchains=['G', 'H']
   entity   8 NonPolymer  subchains=['I']
   partner auth chain A: 225 polymer residues, hetero none
   partner auth chain B: 336 polymer residues, hetero none
   partner auth chain C: 56 polymer residues, hetero none
   partner auth chain E: 231 polymer residues, hetero none
   receptor auth chain R: OK  span 66-352  chain_expected=True
   gaps (receptor): none
   hetero in receptor chain: none
   partner auth chain D: 2 polymer residues, hetero ['DAL', 'ETA', 'MEA']
   partner auth chain R: 0 polymer residues, hetero ['CLR', 'VV9']
